botopink-snap 1
test: stylesheet: cascade ---- global before module CSS, fingerprinted
subject: stylesheet

== /_onze/static/b7f2a1/app.4c7571.css
body { margin: 0; }
.blog_container_9ab8af { padding: 24px; }
.card_container_8e3f6e { display: flex; }
== Y records
Y|styles|/_onze/static/b7f2a1/app.4c7571.css|4c7571|104
== parseManifest reads back
Y|styles|/_onze/static/b7f2a1/app.4c7571.css|4c7571|104
== head
<link rel="stylesheet" href="/_onze/static/b7f2a1/app.4c7571.css">
