botopink-snap 1
test: image: allowlist ---- the matrix
subject: allowlist

refused  Image: host cdn.example.com not in remotePatterns (https://cdn.example.com/photos/a.jpg)
ok       https://cdn.example.com/photos/a.jpg
refused  Image: host cdn.example.com not in remotePatterns (http://cdn.example.com/photos/a.jpg)
refused  Image: host cdn.example.com:8443 not in remotePatterns (https://cdn.example.com:8443/photos/a.jpg)
refused  Image: host cdn.example.com not in remotePatterns (https://cdn.example.com/other/a.jpg)
refused  Image: host example.com not in remotePatterns (https://example.com/photos/a.jpg)
refused  Image: host a.b.example.com not in remotePatterns (https://a.b.example.com/photos/a.jpg)
refused  Image: https://cdn.example.com/photos/../../etc/passwd escapes its host's root
ok       /images/hero.jpg
refused  Image: /photos/../../../etc/passwd escapes public
refused  Image: images/relative.jpg is neither a /-rooted public path nor an absolute URL
refused  Image: data: sources are refused (data:image/png;base64,iV…)
refused  Image: file: sources are refused (file:///etc/passwd…)
