botopink-snap 1
test: image: encoder ---- an argument vector, pass-through, a timeout, a failure
subject: handler

#1 200  content-type: image/webp  cache-control: public, max-age=31536000, immutable  etag: "<key>"
#2 200  hit
#3 w=999 is not a configured device width
#4 q=101 is outside 1..100
#5 403
#6 optimization is off: no-such-encoder-onze is not installed
#7 image/webp (avif not configured)
