botopink-snap 1
test: image: markup ---- lazy with sizes, priority, fill, blur
subject: image

<img alt="card" src="/_onze/image?src=%2Fimages%2Fcard.jpg&amp;w=828&amp;q=75&amp;f=image%2Fwebp" srcset="/_onze/image?src=%2Fimages%2Fcard.jpg&amp;w=640&amp;q=75&amp;f=image%2Fwebp 640w, /_onze/image?src=%2Fimages%2Fcard.jpg&amp;w=750&amp;q=75&amp;f=image%2Fwebp 750w, /_onze/image?src=%2Fimages%2Fcard.jpg&amp;w=828&amp;q=75&amp;f=image%2Fwebp 828w" sizes="(max-width: 768px) 100vw, 50vw" width="828" height="400" loading="lazy" decoding="async">
<img alt="hero" src="/_onze/image?src=%2Fimages%2Fhero.jpg&amp;w=1200&amp;q=80&amp;f=image%2Fwebp" srcset="/_onze/image?src=%2Fimages%2Fhero.jpg&amp;w=1200&amp;q=80&amp;f=image%2Fwebp 1x, /_onze/image?src=%2Fimages%2Fhero.jpg&amp;w=3840&amp;q=80&amp;f=image%2Fwebp 2x" width="1200" height="630" loading="eager" decoding="sync" fetchpriority="high">
<img alt="" src="/_onze/image?src=%2Fimages%2Fbg.jpg&amp;w=1920&amp;q=75&amp;f=image%2Fwebp" srcset="/_onze/image?src=%2Fimages%2Fbg.jpg&amp;w=640&amp;q=75&amp;f=image%2Fwebp 640w, /_onze/image?src=%2Fimages%2Fbg.jpg&amp;w=750&amp;q=75&amp;f=image%2Fwebp 750w, /_onze/image?src=%2Fimages%2Fbg.jpg&amp;w=828&amp;q=75&amp;f=image%2Fwebp 828w, /_onze/image?src=%2Fimages%2Fbg.jpg&amp;w=1080&amp;q=75&amp;f=image%2Fwebp 1080w, /_onze/image?src=%2Fimages%2Fbg.jpg&amp;w=1200&amp;q=75&amp;f=image%2Fwebp 1200w, /_onze/image?src=%2Fimages%2Fbg.jpg&amp;w=1920&amp;q=75&amp;f=image%2Fwebp 1920w, /_onze/image?src=%2Fimages%2Fbg.jpg&amp;w=2048&amp;q=75&amp;f=image%2Fwebp 2048w, /_onze/image?src=%2Fimages%2Fbg.jpg&amp;w=3840&amp;q=75&amp;f=image%2Fwebp 3840w" sizes="100vw" style="position:absolute;inset:0;width:100%;height:100%;object-fit:cover" loading="lazy" decoding="async">
<img alt="hero" src="data:image/png;base64,AAAA" data-src="/_onze/image?src=%2Fimages%2Fhero.jpg&amp;w=640&amp;q=75&amp;f=image%2Fwebp" srcset="/_onze/image?src=%2Fimages%2Fhero.jpg&amp;w=640&amp;q=75&amp;f=image%2Fwebp 1x, /_onze/image?src=%2Fimages%2Fhero.jpg&amp;w=1920&amp;q=75&amp;f=image%2Fwebp 2x" width="640" height="320" loading="lazy" decoding="async">
