botopink-snap 1
test: graph: shared ---- a module reached by two roots appears once
subject: graph

roots: components.nav, components.like_button
components.nav           root   chain: components.nav
lib.format               -      chain: components.nav > lib.format
components.like_button   root   chain: components.like_button
not in graph: app.layout, app.page, app.blog.d_slug.page, app.blog.d_slug.loading, lib.db
