botopink-snap 1
test: manifest: round trip ---- both targets, same literal, pipe escaped
subject: manifest

V|1|b7f2a1
E|entry|/_onze/static/b7f2a1/entry.9c1d40.js|9c1d40|2480
S|shared|/_onze/static/b7f2a1/shared.41ab08.js|41ab08|18320
C|route:/blog/[slug]|/_onze/static/b7f2a1/r1.7e0055.js|7e0055|5120
H|script:analytics|/a.js|0f0f0f|10
R|/blog/[slug]|route:/blog/[slug]
Y|styles|/_onze/static/b7f2a1/app.2b91cc.css|2b91cc|940
P|ONZE_PUBLIC_API_URL|https://api.example.com
P|ONZE_PUBLIC_MOTTO|a%7Cb%0Ac
== parseManifest(formatManifest(m)) == m
true
== unknown kind "Z|x|y" appended
ignored
== "V|2|b7f2a1"
error: client-manifest version 2 is not supported (this reader understands 1)
