botopink-snap 1
test: manifest: text ---- the fixture app's bundle
subject: manifest

V|1|b7f2a1
E|entry|/_onze/static/b7f2a1/entry.9ac98c7d.js|9ac98c7d|1009
S|shared|/_onze/static/b7f2a1/shared.02dc8574.js|02dc8574|1340
C|route:/blog/[slug]|/_onze/static/b7f2a1/r1.96ffdf46.js|96ffdf46|1034
R|/blog/[slug]|route:/blog/[slug]
P|ONZE_PUBLIC_API_URL|https://api.example.com
