botopink-snap 1
test: og: layout ---- row space-between inside 64px padding
subject: layout

div  x=0    y=0    w=1200  h=630
  span x=64   y=286  w=91    h=58   lines: Left
  span x=1022 y=286  w=114   h=58   lines: Right
== wrapText("Hydration is a contract, not a hope", 400, Inter/700, 48, 2)
Hydration is a
contract, not a…
== wrapText("Supercalifragilistic", 100, Inter/700, 48, 1)
Supercalifragilistic
