botopink-snap 1
test: og: style ---- supported parse and unsupported report
subject: style

display        flex
flexDirection  column
gap            16
padding        48px
background     linear-gradient(90deg,#4f46e5,#7c3aed)
fontSize       64px
maxLines       3
unsupported: boxShadow, transform
malformed: "padding:" (empty value)
