botopink-snap 1
test: og: svg ---- the card, with a hostile title escaped
subject: svg

<svg xmlns="http://www.w3.org/2000/svg" width="1200" height="630" viewBox="0 0 1200 630"><defs><linearGradient id="g0" gradientTransform="rotate(0)"><stop offset="0" stop-color="#4f46e5"/><stop offset="1" stop-color="#7c3aed"/></linearGradient></defs><rect x="0" y="0" width="1200" height="630" fill="url(#g0)"/><text x="64" y="126" font-family="Inter" font-weight="700" font-size="64" fill="#ffffff">&lt;script&gt;alert(1)&lt;/script&gt;</text></svg>
