botopink-snap 1
test: config: defaults ---- every field onze.json may omit
subject: config

name             = fixture
port             = 3000
basePath         =
appDir           = app
publicDir        = public
outDir           = .onze
dev              = false
actionsBodyLimit = 1048576
allowedRedirects = (none)
origin           = http://localhost:3000
