botopink-snap 1
test: config: override ---- port from onze.json and basePath through
subject: config

name             = docs
port             = 4000
basePath         = /docs
appDir           = src/app
publicDir        = public
outDir           = .onze
dev              = false
actionsBodyLimit = 1048576
allowedRedirects = https://auth.example.com
lang             = en
origin           = http://localhost:4000
