botopink-snap 1
test: config: refusals ---- every malformed onze.json names its key
subject: errors

{ "prot": 4000 }
  onze.json: unknown key "prot" (known: name, port, basePath, appDir, publicDir, outDir, dev, actionsBodyLimit, allowedRedirects, lang)
{ "port": "4000" }
  onze.json: "port" must be a whole number, not a string
{ "port": 70000 }
  onze.json: "port" is 70000, outside 1..65535
{ "port": 40.5 }
  onze.json: "port" must be a whole number
{ "dev": 1 }
  onze.json: "dev" must be a boolean, not a number
{ "allowedRedirects": [1] }
  onze.json: "allowedRedirects" must be an array of strings, not a number
{ "port": 1, "port": 2 }
  json.decode: duplicate member name `port` at byte 13
[]
  onze.json: the document must be an object, not an array
