botopink-snap 1
test: script tags: order ---- shared, route, entry after the payload
subject: script tags

== headScriptTags
<script src="/a.js"></script>
== scriptTags("/blog/[slug]")
<script src="/_onze/static/b7f2a1/shared.41ab08.js" defer></script>
<script src="/_onze/static/b7f2a1/r1.7e0055.js" defer></script>
<script src="/_onze/static/b7f2a1/entry.9c1d40.js" defer></script>
== scriptTags("/")
<script src="/_onze/static/b7f2a1/shared.41ab08.js" defer></script>
<script src="/_onze/static/b7f2a1/entry.9c1d40.js" defer></script>
