botopink-snap 1
test: refusal: adversarial config ---- no setting relaxes anything
subject: refusals

allowEnv: refused at config load
publicEnvPrefix: refused at config load
strict: refused at config load
bundler: refused at config load
refused: env-non-public      DATABASE_URL                components.w            components.w
build failed: 1 refusal
