botopink-snap 1
test: refusal: emilia ---- non-literal tokens, a client flush, a hash split
subject: refusals

styleMap: components.w#1 -> [.Text.Size.Sm, .Color.Gray.700]
styleMap: components.w#2 -> named
refused: emilia-hash-split   emilia([.Content.Text("😀")])  components.w:6          components.w
refused: emilia-non-literal  emilia(props.tokens)        components.w:8          components.w
refused: emilia-flush        flush() in a client module  components.w:9          components.w
build failed: 3 refusals
