botopink-snap 1
test: script: strategies ---- the four placements and two refusals
subject: scripts

analytics   beforeInteractive   <head>, blocking        chunk script:analytics
chat        afterInteractive    entry, after hydrate    onLoad chatReady
ads         lazyOnload          entry, after load
crunch      worker              new Worker() in entry   chunk worker:crunch
refused: script "bad" — a worker script cannot declare onLoad
refused: script "odd" — unknown strategy "eventually"; expected beforeInteractive, afterInteractive, lazyOnload, worker
