botopink-snap 1
test: font: head ---- preload before faces, one face per family and weight
subject: head

<link rel="preload" as="font" type="font/woff2" href="/_onze/static/b7f2a1/fonts/inter-400.5c17e6.woff2" crossorigin>
<link rel="preload" as="font" type="font/woff2" href="/_onze/static/b7f2a1/fonts/inter-700.b98d39.woff2" crossorigin>
<style>@font-face{font-family:"Inter";font-style:normal;font-weight:400;font-display:swap;src:url(/_onze/static/b7f2a1/fonts/inter-400.5c17e6.woff2) format("woff2");unicode-range:U+0000-00FF,U+0131,U+2000-206F}@font-face{font-family:"Inter";font-style:normal;font-weight:700;font-display:swap;src:url(/_onze/static/b7f2a1/fonts/inter-700.b98d39.woff2) format("woff2");unicode-range:U+0000-00FF,U+0131,U+2000-206F}@font-face{font-family:"Inter Fallback";src:local("Arial");size-adjust:107.00%;ascent-override:96.88%;descent-override:24.15%;line-gap-override:0.00%}:root{--font-inter:"Inter","Inter Fallback",system-ui,sans-serif}.onze-font-inter{font-family:"Inter","Inter Fallback",system-ui,sans-serif}</style>
