botopink-snap 1
test: font: refusals ---- empty subsets, unknown display, unknown family
subject: refusals

#1 Inter              error: subsets is empty — an unsubsetted font is a 300 kB font
#2 Inter              error: display "eventually" is not one of swap, block, fallback, optional
#3 Nonexistent Sans   error: family "Nonexistent Sans" is not in the metrics table and adjustFontFallback is true
