botopink-snap 1
test: font: the fallback descriptors ---- Inter over Arial, and identity
subject: fallback

@font-face{font-family:"Inter Fallback";src:local("Arial");size-adjust:107.00%;ascent-override:96.88%;descent-override:24.15%;line-gap-override:0.00%}
@font-face{font-family:"Arial Fallback";src:local("Arial");size-adjust:100.00%;ascent-override:90.53%;descent-override:21.19%;line-gap-override:3.27%}
