botopink-snap 1
test: chunks: plan ---- shared, one route chunk, entry
subject: chunks

shared               shared.093baac0.js     components.nav, lib.format, jhonstart.client_runtime
route:/blog/[slug]   r1.41527992.js         components.like_button
entry                entry.ff95e949.js      onze_entry
routes: / -> (none) ; /blog/[slug] -> route:/blog/[slug]
== rebuild after editing lib/format.bp
changed: shared.093baac0.js -> shared.cd266c06.js
unchanged: r1.41527992.js, entry.ff95e949.js
