botopink-snap 1
test: chunks: plan ---- shared, one route chunk, entry
subject: chunks

shared               shared.02dc8574.js     components.nav, lib.format, jhonstart.client_runtime
route:/blog/[slug]   r1.96ffdf46.js         components.like_button
entry                entry.9ac98c7d.js      onze_entry
routes: / -> (none) ; /blog/[slug] -> route:/blog/[slug]
== rebuild after editing lib/format.bp
changed: shared.02dc8574.js -> shared.c6c746ba.js
unchanged: r1.96ffdf46.js, entry.9ac98c7d.js
