botopink-snap 1
test: release: build id ---- derived once, sort-independent, sensitive
subject: build id

generateBuildId([4f21ab, 7e0055, 9c1d40], 41ab08) = e644ec
generateBuildId([9c1d40, 4f21ab, 7e0055], 41ab08) = e644ec
generateBuildId([4f21ab, 7e0055, 9c1d41], 41ab08) = 6ba1a1
validateBuildId("")          error: build id is empty
validateBuildId("has/slash") error: build id "has/slash" is not [A-Za-z0-9_-]{1,64}
validateBuildId(65 chars)    error: build id is 65 characters; the limit is 64
verifyBuildId(e644ec, e644ec, e644ec) ok
verifyBuildId(e644ec, e644ec, stale)  error: release and payload build ids disagree (e644ec vs stale)
verifyBuildId(e644ec, other, e644ec)  error: release and manifest build ids disagree (e644ec vs other)
