botopink-snap 1
test: release: shutdown ---- the five steps and a clean drain
subject: shutdown

readinessChecks: route-table, client-manifest, datasource:default
shutdownOrder: readiness=false > stop-accepting > drain-renders > drain-after-tasks > stop-supervision-tree
drain(5000): renders=0 afterTasks=0 timedOut=false exit=0
drain(100) with 2 renders in flight: renders=2 afterTasks=0 timedOut=true exit=1
