botopink-snap 1
test: release: static export ---- three routes out, a dynamic route refused
subject: export

== without app/blog/[slug]
index.html
about/index.html
docs/index.html
favicon.ico
_onze/static/b7f2a1/app.2b91cc.css
== with app/blog/[slug]
error: static export refused — route /blog/[slug] (app/blog/[slug]/page.bp) cannot be prerendered: no static params registered
