botopink-snap 1
test: release: text ---- rel, sys.config, vm.args and the boot script
subject: release

== releases/b7f2a1/onze.rel
{release, {"blog", "0.1.0"}, {erts, "16.0"},
 [{kernel, "10.3"}, {stdlib, "7.0"}, {sasl, "4.3"}, {rakun, "0.0.1"}, {jhonstart, "0.0.1"}, {emilia, "0.0.1"}, {onze, "0.0.1"}, {blog, "0.1.0"}]}.
== releases/b7f2a1/sys.config
[{blog, [{port, 3000}, {base_path, ""}]}].
== releases/b7f2a1/vm.args
-name blog@127.0.0.1
-setcookie ${RELEASE_COOKIE}
+K true
== bin/onze
#!/bin/sh
set -e
BUILD_ID="$(cat "$(dirname "$0")/../BUILD_ID")"
[ "$BUILD_ID" = "b7f2a1" ] || { echo "build id mismatch: $BUILD_ID != b7f2a1" >&2; exit 1; }
[ -n "$RELEASE_COOKIE" ] || { echo "RELEASE_COOKIE is not set" >&2; exit 1; }
export PORT="${PORT:-3000}"
exec "$(dirname "$0")/../erts-16.0/bin/erl" -boot "$(dirname "$0")/../releases/b7f2a1/start" -config "$(dirname "$0")/../releases/b7f2a1/sys" -args_file "$(dirname "$0")/../releases/b7f2a1/vm.args" -noshell
== bin/onze without erts
exec erl -boot "$(dirname "$0")/../releases/b7f2a1/start" -config "$(dirname "$0")/../releases/b7f2a1/sys" -args_file "$(dirname "$0")/../releases/b7f2a1/vm.args" -noshell
