botopink-snap 1
test: types: app files ---- every routing convention and the group
subject: app files

authoredPath                   segment            kind
app/page.bp                                       page
app/layout.bp                                     layout
app/template.bp                                   template
app/default.bp                                    default
app/loading.bp                                    loading
app/error.bp                                      error
app/not-found.bp                                  not-found
app/blog/[slug]/page.bp        blog/[slug]        page
app/(marketing)/about/page.bp  (marketing)/about  page
app/api/posts/route.bp         api/posts          route
app/docs/[...rest]/page.bp     docs/[...rest]     page
app/_components/card.bp        -                  (not an app file)
