botopink-snap 1
test: assets: roots ---- the two roots handed to rakun-web front 82
subject: roots

staticRoots(public, .onze, b7f2a1) = 2
/_onze/static/b7f2a1/**   -> .onze/static/b7f2a1/   immutable=1  cacheSeconds=31536000
/**                       -> public                 immutable=0  cacheSeconds=0
