botopink-snap 1
test: create: usage errors ---- no token dropped
subject: errors

onze create: which directory? usage: onze create <name>
onze create: a second name "b" (the name is "a")
onze create: unknown flag --frobnicate
onze create: --port needs a value
onze create: --port 99999 is not a port
onze create: a project name is [a-z0-9_-]+, not "My App"
