botopink-snap 1
test: scan: every folder form ---- the staging table
subject: scan

/                  page       app/page.bp                        app.page                       declared ""
/                  layout     app/layout.bp                      app.layout                     declared ""
/blog/[slug]       page       app/blog/[slug]/page.bp            app.blog.d_slug.page           declared "blog/[slug]"
/blog/[slug]       loading    app/blog/[slug]/loading.bp         app.blog.d_slug.loading        declared "blog/[slug]"
/blog/[slug]       not-found  app/blog/[slug]/not-found.bp       app.blog.d_slug.not_found      declared "blog/[slug]"
/about             page       app/(marketing)/about/page.bp      app.g_marketing.about.page     declared "(marketing)/about"
/docs/[...rest]    page       app/docs/[...rest]/page.bp         app.docs.c_rest.page           declared "docs/[...rest]"
/shop/[[...rest]]  page       app/shop/[[...rest]]/page.bp       app.shop.o_rest.page           declared "shop/[[...rest]]"
/dashboard         page       app/dashboard/@feed/page.bp        app.dashboard.s_feed.page      declared "dashboard/@feed"
/api/posts         route      app/api/posts/route.bp             app.api.posts.route            declared "api/posts"
